// Vitest Snapshot v1, https://vitest.dev/guide/snapshot.html

exports[`Episode I > golden replay: map 5400, 3 rounds 1`] = `
{
  "board": [
    "0 swordsmen red 11 4 76 ",
    "1 swordsmen red 9 3 100 ",
    "10 cavalry blue 12 9 100 ",
    "11 knights blue 12 8 100 ",
    "12 cavalry blue 13 8 100 ",
    "13 pikemen blue 12 3 86 ",
    "14 pikemen blue 12 4 65 ",
    "15 pikemen blue 12 5 30 ",
    "16 footmen blue 13 3 100 ",
    "17 footmen blue 13 4 100 ",
    "18 footmen blue 13 5 100 ",
    "19 crossbowmen blue 6 8 100 ",
    "2 swordsmen red 12 6 75 ",
    "20 catapult blue 6 9 100 ",
    "3 footmen red 10 5 100 ",
    "4 footmen red 10 3 100 ",
    "5 footmen red 11 5 48 ",
    "6 militiamen red 10 4 100 ",
    "7 militiamen red 11 3 8 ",
    "8 militiamen red 10 2 8 ",
    "9 knights red 9 4 100 ",
  ],
  "phase": "player",
  "turn": 4,
}
`;

exports[`Episode I > golden replay: map 5402, 3 rounds 1`] = `
{
  "board": [
    "0 swordsmen red 2 6 59 ",
    "1 pikemen red 2 7 35 ",
    "11 footmen red 12 2 77 ",
    "12 swordsmen red 11 4 79 ",
    "14 halberdiers red 12 5 50 ",
    "15 swordsmen red 11 6 23 ",
    "16 greatswordsmen red 12 7 37 ",
    "17 halberdiers red 12 6 60 ",
    "18 greatswordsmen red 11 8 55 ",
    "19 pikemen red 13 12 22 ",
    "23 pikemen red 13 10 62 ",
    "25 swordsmen red 12 13 34 ",
    "26 swordsmen red 12 11 58 ",
    "27 swordsmen red 14 12 93 ",
    "28 halberdiers red 13 11 50 ",
    "29 archers red 15 11 69 ",
    "30 archers red 15 12 100 ",
    "31 archers red 16 14 100 ",
    "33 swordsmen blue 7 4 44 ",
    "34 swordsmen blue 3 5 30 ",
    "35 swordsmen blue 7 5 16 ",
    "38 swordsmen blue 8 5 54 ",
    "4 footmen red 5 4 35 ",
    "40 swordsmen blue 9 4 67 ",
    "42 swordsmen blue 10 6 63 ",
    "49 catapult blue 4 10 100 ",
    "5 swordsmen red 11 3 64 ",
    "50 crossbowmen blue 8 8 100 ",
    "51 crossbowmen blue 9 8 100 ",
    "59 king blue 12 8 60 ",
    "61 greatswordsmen blue 12 12 39 ",
    "62 wizards blue 6 9 100 ",
    "64 militiamen blue 3 13 100 ",
    "65 footmen blue 4 13 100 ",
    "66 swordsmen blue 5 13 100 ",
    "67 greatswordsmen blue 3 14 100 ",
    "68 pikemen blue 4 14 100 ",
    "69 halberdiers blue 5 14 100 ",
    "7 footmen red 11 2 100 ",
    "70 archers blue 3 15 100 ",
    "71 crossbowmen blue 4 15 100 ",
    "72 musketeers blue 5 15 100 ",
    "8 greatswordsmen red 10 3 52 ",
  ],
  "phase": "player",
  "turn": 4,
}
`;

exports[`Episode I > golden replay: map 5406, 3 rounds 1`] = `
{
  "board": [
    "0 militiamen red 9 5 100 ",
    "1 militiamen red 8 6 100 ",
    "10 militiamen blue 0 0 100 ",
    "11 footmen blue 1 0 100 ",
    "12 swordsmen blue 2 0 100 ",
    "13 greatswordsmen blue 3 0 84 ",
    "14 pikemen blue 0 1 100 ",
    "15 halberdiers blue 1 1 100 ",
    "16 archers blue 2 1 100 ",
    "17 crossbowmen blue 3 1 39 ",
    "18 musketeers blue 0 2 100 ",
    "19 rangers blue 1 2 100 ",
    "2 militiamen red 9 7 100 ",
    "20 horsebowmen blue 2 2 100 ",
    "21 knights blue 3 2 100 ",
    "22 cavalry blue 0 3 100 ",
    "23 raiders blue 1 3 100 ",
    "24 catapult blue 2 3 100 ",
    "25 trebuchet blue 3 3 100 ",
    "26 militiamen red 4 1 95 ",
    "27 militiamen red 4 0 25 ",
    "28 militiamen red 4 7 100 ",
    "29 militiamen red 4 8 100 ",
    "3 militiamen red 10 4 100 ",
    "30 militiamen red 10 3 100 ",
    "31 militiamen red 12 4 100 ",
    "4 footmen red 11 5 100 ",
    "5 militiamen red 8 9 100 ",
    "6 militiamen red 11 6 100 ",
    "7 militiamen red 11 7 100 ",
    "8 militiamen red 11 8 100 ",
  ],
  "phase": "player",
  "turn": 4,
}
`;

exports[`Episode I > golden replay: map 5414, 3 rounds 1`] = `
{
  "board": [
    "0 king red 4 8 92 ",
    "1 knights red 4 6 76 ",
    "10 swordsmen red 5 7 100 ",
    "11 swordsmen red 5 6 100 ",
    "12 swordsmen red 6 7 100 ",
    "16 trebuchet red 13 4 100 ",
    "17 trebuchet red 13 5 100 ",
    "2 knights red 5 8 87 ",
    "21 greatswordsmen blue 5 3 97 ",
    "22 king blue 5 2 100 ",
    "23 archers blue 4 3 100 ",
    "24 archers blue 6 3 100 ",
    "25 swordsmen blue 4 1 100 ",
    "26 swordsmen blue 6 2 100 ",
    "27 swordsmen blue 6 1 100 ",
    "28 king blue 16 5 98 ",
    "29 knights blue 16 4 100 ",
    "3 knights red 7 7 100 ",
    "30 knights blue 16 6 72 ",
    "31 footmen blue 17 4 38 ",
    "32 footmen blue 17 5 38 ",
    "33 footmen blue 17 6 38 ",
    "34 swordsmen blue 18 4 100 ",
    "35 swordsmen blue 18 5 100 ",
    "36 swordsmen blue 18 6 100 ",
    "4 militiamen red 8 10 100 ",
    "5 militiamen red 9 10 100 ",
    "6 militiamen red 7 9 100 ",
    "7 rangers red 6 11 100 ",
    "8 rangers red 7 10 100 ",
    "9 rangers red 8 9 100 ",
  ],
  "phase": "player",
  "turn": 4,
}
`;
